Airbase
airport
Airport
apartment
bank
Bank
bar 
Barracks
Base
Basin
bay
Bay
beach
Beach
Belt
block
Blvd
Boulevard
building
Building
bungalow
Canal
castle
Castle
cathedral
center
Channel
church
Church
city
City
cliff
coast
cottage
countryside
County
Creek
Delta
department
Department
Desert
district
District
duplex 
Estates
Everglades
flat 
flat 
floor
forest
Hall
hall
Harbor
Headquarters
Heights
hill
Hill
Hills
hospital
Hospital
house
House
Island
Islands
lake
Lakes
library
Library
mall
Mall
mountain
Mountain
mountainous 
Mountains
museum
Museum
ocean
Ocean
office
Office
outskirts
park
Park
Parkway
plain 
Plains
port
Province
pub
region
Republic
resort
restaurant
Restaurant
river
River
Sands
school
School
sea
seaside
shop
shore
skyscraper
Springs
Square
Stadium
station
Station
Store
Strait
Straits
stream 
suburb
suburban 
supermarket
Supermarket
sweetshop 
theater
Theater
town
Trail
valley
Valley
village
Village
Wall
wood
Campus
Room
room
campus
Theatre
airport
garden
park
tower
Airport
Garden
Park
Tower
AIRPORT
GARDEN
PARK
TOWER
road
Road
Bldg
BLDG
bldg
